<?xml version="1.0" encoding="UTF-8"?>
<testsuites name="Mocha Tests" time="1.494" tests="2" failures="0">
  <testsuite name="Root Suite" timestamp="2019-09-09T10:35:42" tests="0" failures="0" time="0">
  </testsuite>
  <testsuite name="Todo app" timestamp="2019-09-09T10:35:42" tests="2" failures="0" time="1.494">
    <testcase name="Todo app Navigating to the todo app" time="0.516" classname="Navigating to the todo app">
    </testcase>
    <testcase name="Todo app Creating and deleting items" time="0.978" classname="Creating and deleting items">
    </testcase>
  </testsuite>
</testsuites>